mode: set
github.com/jasaf/finalize-cli/cmd/main.go:13.13,16.16 3 0
github.com/jasaf/finalize-cli/cmd/main.go:16.16,18.3 1 0
github.com/jasaf/finalize-cli/cmd/main.go:20.2,21.16 2 0
github.com/jasaf/finalize-cli/cmd/main.go:21.16,23.3 1 0
github.com/jasaf/finalize-cli/cmd/main.go:25.2,27.60 2 0
github.com/jasaf/finalize-cli/cmd/main.go:27.60,29.3 1 0
github.com/jasaf/finalize-cli/internal/item/item.go:9.96,12.32 2 1
github.com/jasaf/finalize-cli/internal/item/item.go:12.32,13.64 1 1
github.com/jasaf/finalize-cli/internal/item/item.go:13.64,14.12 1 1
github.com/jasaf/finalize-cli/internal/item/item.go:17.3,18.22 2 1
github.com/jasaf/finalize-cli/internal/item/item.go:18.22,20.4 1 1
github.com/jasaf/finalize-cli/internal/item/item.go:22.3,24.25 3 1
github.com/jasaf/finalize-cli/internal/item/item.go:24.25,26.4 1 1
github.com/jasaf/finalize-cli/internal/item/item.go:28.3,30.22 3 1
github.com/jasaf/finalize-cli/internal/item/item.go:30.22,32.4 1 1
github.com/jasaf/finalize-cli/internal/item/item.go:34.3,34.50 1 1
github.com/jasaf/finalize-cli/internal/item/item.go:37.2,37.23 1 1
github.com/jasaf/finalize-cli/internal/file/file.go:13.57,15.16 2 1
github.com/jasaf/finalize-cli/internal/file/file.go:15.16,17.3 1 1
github.com/jasaf/finalize-cli/internal/file/file.go:19.2,22.16 3 1
github.com/jasaf/finalize-cli/internal/file/file.go:22.16,24.3 1 0
github.com/jasaf/finalize-cli/internal/file/file.go:26.2,27.37 2 1
github.com/jasaf/finalize-cli/internal/file/file.go:27.37,29.17 2 1
github.com/jasaf/finalize-cli/internal/file/file.go:29.17,31.4 1 1
github.com/jasaf/finalize-cli/internal/file/file.go:33.3,34.17 2 1
github.com/jasaf/finalize-cli/internal/file/file.go:34.17,36.4 1 1
github.com/jasaf/finalize-cli/internal/file/file.go:38.3,47.33 2 1
github.com/jasaf/finalize-cli/internal/file/file.go:50.2,50.20 1 1
github.com/jasaf/finalize-cli/internal/helpers/dateformat.go:11.51,15.2 2 1
github.com/jasaf/finalize-cli/internal/console/console.go:14.80,21.39 5 1
github.com/jasaf/finalize-cli/internal/console/console.go:21.39,23.3 1 0
github.com/jasaf/finalize-cli/internal/console/console.go:25.2,25.24 1 1
github.com/jasaf/finalize-cli/internal/console/console.go:25.24,27.3 1 1
github.com/jasaf/finalize-cli/internal/console/console.go:28.2,28.29 1 1
github.com/jasaf/finalize-cli/internal/console/console.go:28.29,30.3 1 1
github.com/jasaf/finalize-cli/internal/console/console.go:32.2,34.27 2 1
github.com/jasaf/finalize-cli/internal/console/console.go:34.27,36.3 1 1
github.com/jasaf/finalize-cli/internal/console/console.go:38.2,39.16 2 1
github.com/jasaf/finalize-cli/internal/console/console.go:39.16,41.3 1 0
github.com/jasaf/finalize-cli/internal/console/console.go:43.2,44.16 2 1
github.com/jasaf/finalize-cli/internal/console/console.go:44.16,46.3 1 0
github.com/jasaf/finalize-cli/internal/console/console.go:48.2,52.8 1 1
github.com/jasaf/finalize-cli/internal/console/console.go:55.32,57.16 2 0
github.com/jasaf/finalize-cli/internal/console/console.go:57.16,59.3 1 0
github.com/jasaf/finalize-cli/internal/console/console.go:61.2,63.12 2 0
